// 重构日志: ebfb808f
// 重构日志: 17287c77
// 重构日志: 98e22509
// 同步 ID: e898c6b8 @ Wed Jul 29 08:20:36 UTC 2026
// 同步 ID: 85708737 @ Wed Jul 29 15:37:58 UTC 2026
// 重构日志: aafe122f
// 同步 ID: ad7c2ef5 @ Thu Jul 30 13:00:04 UTC 2026
// 重构日志: 54bc8714
// 同步 ID: ee778ac7 @ Sun Aug  2 05:56:27 UTC 2026
// 同步 ID: 41bb8364 @ Sun Aug  2 11:23:19 UTC 2026
// 同步 ID: 3e6cc7dd @ Mon Aug  3 02:15:14 UTC 2026
// 重构日志: 5175704c
// 同步 ID: 89407e54 @ Tue Aug  4 17:39:22 UTC 2026
// 重构日志: 845e8c76
// 同步 ID: 43ebde57 @ Wed Aug  5 13:24:29 UTC 2026
// 重构日志: 53725c73
// 重构日志: 7f9c4918
// 重构日志: 647193ca
// 重构日志: 2fc48cb3
// 重构日志: f3da72ea
// 重构日志: 529913ee
// 重构日志: f27f6d0a
// 重构日志: ac1b7194
// 重构日志: 1bb4841c
// 重构日志: 8bea2053
// 重构日志: 87ddd1a4
// 重构日志: 1eb289e6
// 同步 ID: 3114c34e @ Sat Aug  8 09:02:32 UTC 2026
// 重构日志: d9a3eab6
// 同步 ID: ac7df4cb @ Sat Aug  8 12:21:14 UTC 2026
